// Jest Snapshot v1, https://goo.gl/fbAQLP

exports[`Footer Component test It should render the component without error 1`] = `
<footer
  className="footer"
>
  <div
    className="container "
  >
    <p
      className="m-0 text-center text-white "
    >
      Copyright Â© EventCity 2018
    </p>
  </div>
</footer>
`;
