// Jest Snapshot v1, https://goo.gl/fbAQLP

exports[`SearchBar Component test It should render the component without error 1`] = `
<section
  className="section"
>
  <div
    className="container-fluid searchbar"
  >
    <div
      className="row justify-content-center"
    >
      <div
        className="col-6"
      >
        <input
          className="form-control inner-addon left-addon"
          id="search-input"
          name="search"
          onChange={[MockFunction]}
          placeholder="Search centers by name, facilities or location"
          type="text"
        />
      </div>
    </div>
  </div>
  <div>
    <h1
      className="header-section row-width"
    >
      Explore our centers and make a choice
    </h1>
    <p
      className="para-section row-width"
    >
      We guide you from the stressful decision making process, ensuring you are comfortable, whether it is a wedding, corporate 
      function
       or even a kiddies party, we create a buzz around you, taking you to the next level.
    </p>
  </div>
</section>
`;
